#-----------------------------------------------------------
# Vivado v2020.1 (64-bit)
# SW Build 2902540 on Wed May 27 19:54:49 MDT 2020
# IP Build 2902112 on Wed May 27 22:43:36 MDT 2020
# Start of session at: Thu Oct  1 13:06:07 2026
# Process ID: 15144
# Current directory: C:/Users/Zubi/Downloads/Lab6CA
# Command line: vivado.exe -gui_launcher_event rodinguilauncherevent5068 C:\Users\Zubi\Downloads\Lab6CA\Lab6CA.xpr
# Log file: C:/Users/Zubi/Downloads/Lab6CA/vivado.log
# Journal file: C:/Users/Zubi/Downloads/Lab6CA\vivado.jou
#-----------------------------------------------------------
sstart_guioopen_project C:/Users/Zubi/Downloads/Lab6CA/Lab6CA.xprIINFO: [Project 1-313] Project file moved from 'C:/Users/Precision 7720 Ok/Downloads/Lab6CA' since last save.
Scanning sources...
Finished scanning sourcesIINFO: [IP_Flow 19-234] Refreshing IP repositories
INFO: [IP_Flow 19-1704] No user IP repositories specifiedINFO: [IP_Flow 19-2313] Loaded Vivado IP repository 'D:/Xilinx/Vivado/2020.1/data/ip'.
oopen_project: Time (s): cpu = 00:00:22 ; elapsed = 00:00:09 . Memory (MB): peak = 1013.441 ; gain = 0.000uupdate_compile_order -fileset sources_1eadd_files -norecurse {C:/Users/Zubi/Downloads/Lab6CA/Lab6CA.srcs/sources_1/new/leds.v C:/Users/Zubi/Downloads/Lab6CA/Lab6CA.srcs/sources_1/new/skeleton_top_fsm.v C:/Users/Zubi/Downloads/Lab6CA/Lab6CA.srcs/sources_1/new/debouncer.v C:/Users/Zubi/Downloads/Lab6CA/Lab6CA.srcs/sources_1/new/clock_divider.v C:/Users/Zubi/Downloads/Lab6CA/Lab6CA.srcs/sources_1/new/switches.v}
update_compile_order -fileset sources_1
update_compile_order -fileset sources_1
launch_runs impl_1 -to_step write_bitstream -jobs 12
[Thu Oct  1 13:28:25 2026] Launched synth_1...
Run output will be captured here: C:/Users/Zubi/Downloads/Lab6CA/Lab6CA.runs/synth_1/runme.log
[Thu Oct  1 13:28:25 2026] Launched impl_1...
Run output will be captured here: C:/Users/Zubi/Downloads/Lab6CA/Lab6CA.runs/impl_1/runme.log
file mkdir C:/Users/Zubi/Downloads/Lab6CA/Lab6CA.srcs/constrs_1
file mkdir C:/Users/Zubi/Downloads/Lab6CA/Lab6CA.srcs/constrs_1/new
close [ open C:/Users/Zubi/Downloads/Lab6CA/Lab6CA.srcs/constrs_1/new/cons_1.xdc w ]
add_files -fileset constrs_1 C:/Users/Zubi/Downloads/Lab6CA/Lab6CA.srcs/constrs_1/new/cons_1.xdc
reset_run synth_1
launch_runs impl_1 -to_step write_bitstream -jobs 12
[Thu Oct  1 13:48:25 2026] Launched synth_1...
Run output will be captured here: C:/Users/Zubi/Downloads/Lab6CA/Lab6CA.runs/synth_1/runme.log
[Thu Oct  1 13:48:25 2026] Launched impl_1...
Run output will be captured here: C:/Users/Zubi/Downloads/Lab6CA/Lab6CA.runs/impl_1/runme.log
set_property target_constrs_file C:/Users/Zubi/Downloads/Lab6CA/Lab6CA.srcs/constrs_1/new/cons_1.xdc [current_fileset -constrset]
reset_run impl_1 -prev_step 
launch_runs impl_1 -to_step write_bitstream -jobs 12
[Thu Oct  1 13:51:24 2026] Launched impl_1...
Run output will be captured here: C:/Users/Zubi/Downloads/Lab6CA/Lab6CA.runs/impl_1/runme.log
reset_run impl_1 -prev_step 
launch_runs impl_1 -to_step write_bitstream -jobs 12
[Thu Oct  1 13:57:44 2026] Launched impl_1...
Run output will be captured here: C:/Users/Zubi/Downloads/Lab6CA/Lab6CA.runs/impl_1/runme.log
reset_run synth_1
launch_runs synth_1 -jobs 12
[Thu Oct  1 14:00:06 2026] Launched synth_1...
Run output will be captured here: C:/Users/Zubi/Downloads/Lab6CA/Lab6CA.runs/synth_1/runme.log
launch_runs impl_1 -jobs 12
[Thu Oct  1 14:01:35 2026] Launched impl_1...
Run output will be captured here: C:/Users/Zubi/Downloads/Lab6CA/Lab6CA.runs/impl_1/runme.log
open_run impl_1
INFO: [Device 21-403] Loading part xc7a12ticsg325-1L
Netlist sorting complete. Time (s): cpu = 00:00:00 ; elapsed = 00:00:00.004 . Memory (MB): peak = 1044.031 ; gain = 0.000
INFO: [Netlist 29-17] Analyzing 4 Unisim elements for replacement
INFO: [Netlist 29-28] Unisim Transformation completed in 0 CPU seconds
INFO: [Project 1-479] Netlist was created with Vivado 2020.1
INFO: [Project 1-570] Preparing netlist for logic optimization
INFO: [Timing 38-478] Restoring timing data from binary archive.
INFO: [Timing 38-479] Binary timing data restore complete.
INFO: [Project 1-856] Restoring constraints from binary archive.
INFO: [Project 1-853] Binary constraint restore complete.
Reading XDEF placement.
Reading placer database...
Reading XDEF routing.
Read XDEF File: Time (s): cpu = 00:00:00 ; elapsed = 00:00:00.168 . Memory (MB): peak = 1729.359 ; gain = 0.000
Restored from archive | CPU: 0.000000 secs | Memory: 0.000000 MB |
Finished XDEF File Restore: Time (s): cpu = 00:00:00 ; elapsed = 00:00:00.169 . Memory (MB): peak = 1729.359 ; gain = 0.000
Netlist sorting complete. Time (s): cpu = 00:00:00 ; elapsed = 00:00:00 . Memory (MB): peak = 1729.359 ; gain = 0.000
INFO: [Project 1-111] Unisim Transformation Summary:
No Unisim elements were transformed.

open_run: Time (s): cpu = 00:00:41 ; elapsed = 00:00:29 . Memory (MB): peak = 1829.832 ; gain = 816.391
launch_runs impl_1 -to_step write_bitstream -jobs 12
[Thu Oct  1 14:05:18 2026] Launched impl_1...
Run output will be captured here: C:/Users/Zubi/Downloads/Lab6CA/Lab6CA.runs/impl_1/runme.log
exit
INFO: [Common 17-206] Exiting Vivado at Thu Oct  1 14:17:31 2026...
