Vivado Simulator 2020.1
Copyright 1986-1999, 2001-2020 Xilinx, Inc. All Rights Reserved.
Running: C:/Xilinx/Vivado/2020.1/bin/unwrapped/win64.o/xelab.exe -wto db6fd8c84c3548e3b7b8c5f3bd9f174f --incr --debug typical --relax --mt 2 -L xil_defaultlib -L unisims_ver -L unimacro_ver -L secureip --snapshot tb_32bit_all_behav xil_defaultlib.tb_32bit_all xil_defaultlib.glbl -log elaborate.log 
Using 2 slave threads.
Starting static elaboration
Pass Through NonSizing Optimizer
Completed static elaboration
Starting simulation data flow analysis
WARNING: [XSIM 43-4099] "C:/Users/Precision 7720 Ok/Downloads/Lab6CA/Lab6CA.srcs/sources_1/new/SLL.v" Line 3. Module SLL doesn't have a timescale but at least one module in design has a timescale.
WARNING: [XSIM 43-4099] "C:/Users/Precision 7720 Ok/Downloads/Lab6CA/Lab6CA.srcs/sources_1/new/SRL.v" Line 3. Module SRL doesn't have a timescale but at least one module in design has a timescale.
WARNING: [XSIM 43-4099] "C:/Users/Precision 7720 Ok/Downloads/Lab6CA/Lab6CA.srcs/sources_1/new/SLL.v" Line 3. Module SLL doesn't have a timescale but at least one module in design has a timescale.
WARNING: [XSIM 43-4099] "C:/Users/Precision 7720 Ok/Downloads/Lab6CA/Lab6CA.srcs/sources_1/new/SRL.v" Line 3. Module SRL doesn't have a timescale but at least one module in design has a timescale.
Completed simulation data flow analysis
Time Resolution for simulation is 1ps
Compiling module xil_defaultlib.OR
Compiling module xil_defaultlib.AND
Compiling module xil_defaultlib.XOR
Compiling module xil_defaultlib.adder
Compiling module xil_defaultlib.ALU_1bit
Compiling module xil_defaultlib.SLL
Compiling module xil_defaultlib.SRL
Compiling module xil_defaultlib.ALU_32bit_default
Compiling module xil_defaultlib.tb_32bit_all
Compiling module xil_defaultlib.glbl
Built simulation snapshot tb_32bit_all_behav
