
*** Running vivado
    with args -log skeleton_top_fsm.vds -m64 -product Vivado -mode batch -messageDb vivado.pb -notrace -source skeleton_top_fsm.tcl



****** Vivado v2020.1 (64-bit)
  **** SW Build 2902540 on Wed May 27 19:54:49 MDT 2020
  **** IP Build 2902112 on Wed May 27 22:43:36 MDT 2020
    ** Copyright 1986-2020 Xilinx, Inc. All Rights Reserved.

source skeleton_top_fsm.tcl -notrace
Command: synth_design -top skeleton_top_fsm -part xc7a35tcpg236-1
Starting synth_design
Attempting to get a license for feature 'Synthesis' and/or device 'xc7a35t'
INFO: [Common 17-349] Got license for feature 'Synthesis' and/or device 'xc7a35t'
INFO: [Device 21-403] Loading part xc7a35tcpg236-1
INFO: [Synth 8-7079] Multithreading enabled for synth_design using a maximum of 2 processes.
INFO: [Synth 8-7078] Launching helper process for spawning children vivado processes
INFO: [Synth 8-7075] Helper process launched with PID 18680
---------------------------------------------------------------------------------
Starting RTL Elaboration : Time (s): cpu = 00:00:06 ; elapsed = 00:00:06 . Memory (MB): peak = 1014.039 ; gain = 0.000
---------------------------------------------------------------------------------
INFO: [Synth 8-6157] synthesizing module 'skeleton_top_fsm' [C:/Users/Zubi/Desktop/Comp-Arch-F26/lab-05/lab-05.srcs/sources_1/new/skeleton_top_fsm.v:22]
INFO: [Synth 8-6157] synthesizing module 'debouncer' [C:/Users/Zubi/Desktop/Comp-Arch-F26/lab-05/lab-05.srcs/sources_1/new/debouncer.v:13]
INFO: [Synth 8-6155] done synthesizing module 'debouncer' (1#1) [C:/Users/Zubi/Desktop/Comp-Arch-F26/lab-05/lab-05.srcs/sources_1/new/debouncer.v:13]
INFO: [Synth 8-6157] synthesizing module 'leds' [C:/Users/Zubi/Desktop/Comp-Arch-F26/lab-05/lab-05.srcs/sources_1/new/leds.v:13]
INFO: [Synth 8-6155] done synthesizing module 'leds' (2#1) [C:/Users/Zubi/Desktop/Comp-Arch-F26/lab-05/lab-05.srcs/sources_1/new/leds.v:13]
INFO: [Synth 8-6157] synthesizing module 'switches' [C:/Users/Zubi/Desktop/Comp-Arch-F26/lab-05/lab-05.srcs/sources_1/new/switches.v:13]
INFO: [Synth 8-6155] done synthesizing module 'switches' (3#1) [C:/Users/Zubi/Desktop/Comp-Arch-F26/lab-05/lab-05.srcs/sources_1/new/switches.v:13]
INFO: [Synth 8-6157] synthesizing module 'clock_divider' [C:/Users/Zubi/Desktop/Comp-Arch-F26/lab-05/lab-05.srcs/sources_1/new/clock_divider.v:13]
	Parameter MAX_COUNT bound to: 2 - type: integer 
INFO: [Synth 8-6155] done synthesizing module 'clock_divider' (4#1) [C:/Users/Zubi/Desktop/Comp-Arch-F26/lab-05/lab-05.srcs/sources_1/new/clock_divider.v:13]
INFO: [Synth 8-6157] synthesizing module 'fsm_counter' [C:/Users/Zubi/Desktop/Comp-Arch-F26/lab-05/lab-05.srcs/sources_1/new/fsm_counter.v:23]
	Parameter S_WAIT bound to: 1'b0 
	Parameter S_COUNT bound to: 1'b1 
INFO: [Synth 8-226] default block is never used [C:/Users/Zubi/Desktop/Comp-Arch-F26/lab-05/lab-05.srcs/sources_1/new/fsm_counter.v:37]
INFO: [Synth 8-226] default block is never used [C:/Users/Zubi/Desktop/Comp-Arch-F26/lab-05/lab-05.srcs/sources_1/new/fsm_counter.v:58]
INFO: [Synth 8-6155] done synthesizing module 'fsm_counter' (5#1) [C:/Users/Zubi/Desktop/Comp-Arch-F26/lab-05/lab-05.srcs/sources_1/new/fsm_counter.v:23]
INFO: [Synth 8-6155] done synthesizing module 'skeleton_top_fsm' (6#1) [C:/Users/Zubi/Desktop/Comp-Arch-F26/lab-05/lab-05.srcs/sources_1/new/skeleton_top_fsm.v:22]
---------------------------------------------------------------------------------
Finished RTL Elaboration : Time (s): cpu = 00:00:07 ; elapsed = 00:00:07 . Memory (MB): peak = 1014.039 ; gain = 0.000
---------------------------------------------------------------------------------
---------------------------------------------------------------------------------
Start Handling Custom Attributes
---------------------------------------------------------------------------------
---------------------------------------------------------------------------------
Finished Handling Custom Attributes : Time (s): cpu = 00:00:08 ; elapsed = 00:00:08 . Memory (MB): peak = 1014.039 ; gain = 0.000
---------------------------------------------------------------------------------
---------------------------------------------------------------------------------
Finished RTL Optimization Phase 1 : Time (s): cpu = 00:00:08 ; elapsed = 00:00:08 . Memory (MB): peak = 1014.039 ; gain = 0.000
---------------------------------------------------------------------------------
Netlist sorting complete. Time (s): cpu = 00:00:00 ; elapsed = 00:00:00.003 . Memory (MB): peak = 1014.039 ; gain = 0.000
INFO: [Project 1-570] Preparing netlist for logic optimization

Processing XDC Constraints
Initializing timing engine
Parsing XDC File [C:/Users/Zubi/Desktop/Comp-Arch-F26/lab-05/lab-05.srcs/constrs_1/new/basys3_fsm_counter.xdc]
Finished Parsing XDC File [C:/Users/Zubi/Desktop/Comp-Arch-F26/lab-05/lab-05.srcs/constrs_1/new/basys3_fsm_counter.xdc]
Completed Processing XDC Constraints

Netlist sorting complete. Time (s): cpu = 00:00:00 ; elapsed = 00:00:00 . Memory (MB): peak = 1014.039 ; gain = 0.000
INFO: [Project 1-111] Unisim Transformation Summary:
No Unisim elements were transformed.

Constraint Validation Runtime : Time (s): cpu = 00:00:00 ; elapsed = 00:00:00.002 . Memory (MB): peak = 1014.039 ; gain = 0.000
---------------------------------------------------------------------------------
Finished Constraint Validation : Time (s): cpu = 00:00:16 ; elapsed = 00:00:16 . Memory (MB): peak = 1014.039 ; gain = 0.000
---------------------------------------------------------------------------------
---------------------------------------------------------------------------------
Start Loading Part and Timing Information
---------------------------------------------------------------------------------
Loading part: xc7a35tcpg236-1
---------------------------------------------------------------------------------
Finished Loading Part and Timing Information : Time (s): cpu = 00:00:16 ; elapsed = 00:00:16 . Memory (MB): peak = 1014.039 ; gain = 0.000
---------------------------------------------------------------------------------
---------------------------------------------------------------------------------
Start Applying 'set_property' XDC Constraints
---------------------------------------------------------------------------------
---------------------------------------------------------------------------------
Finished applying 'set_property' XDC Constraints : Time (s): cpu = 00:00:16 ; elapsed = 00:00:16 . Memory (MB): peak = 1014.039 ; gain = 0.000
---------------------------------------------------------------------------------
---------------------------------------------------------------------------------
Finished RTL Optimization Phase 2 : Time (s): cpu = 00:00:16 ; elapsed = 00:00:16 . Memory (MB): peak = 1014.039 ; gain = 0.000
---------------------------------------------------------------------------------
---------------------------------------------------------------------------------
Start RTL Component Statistics 
---------------------------------------------------------------------------------
Detailed RTL Component Info : 
+---Adders : 
	   2 Input   26 Bit       Adders := 1     
	   2 Input   16 Bit       Adders := 1     
+---Registers : 
	               26 Bit    Registers := 1     
	               16 Bit    Registers := 2     
	                1 Bit    Registers := 2     
+---Muxes : 
	   2 Input   26 Bit        Muxes := 1     
	   2 Input   16 Bit        Muxes := 3     
	   2 Input    1 Bit        Muxes := 1     
	   3 Input    1 Bit        Muxes := 1     
---------------------------------------------------------------------------------
Finished RTL Component Statistics 
---------------------------------------------------------------------------------
---------------------------------------------------------------------------------
Start Part Resource Summary
---------------------------------------------------------------------------------
Part Resources:
DSPs: 90 (col length:60)
BRAMs: 100 (col length: RAMB18 60 RAMB36 30)
---------------------------------------------------------------------------------
Finished Part Resource Summary
---------------------------------------------------------------------------------
---------------------------------------------------------------------------------
Start Cross Boundary and Area Optimization
---------------------------------------------------------------------------------
---------------------------------------------------------------------------------
Finished Cross Boundary and Area Optimization : Time (s): cpu = 00:00:18 ; elapsed = 00:00:19 . Memory (MB): peak = 1014.039 ; gain = 0.000
---------------------------------------------------------------------------------
---------------------------------------------------------------------------------
Start Applying XDC Timing Constraints
---------------------------------------------------------------------------------
---------------------------------------------------------------------------------
Finished Applying XDC Timing Constraints : Time (s): cpu = 00:00:28 ; elapsed = 00:00:29 . Memory (MB): peak = 1014.039 ; gain = 0.000
---------------------------------------------------------------------------------
---------------------------------------------------------------------------------
Start Timing Optimization
---------------------------------------------------------------------------------
---------------------------------------------------------------------------------
Finished Timing Optimization : Time (s): cpu = 00:00:28 ; elapsed = 00:00:29 . Memory (MB): peak = 1014.039 ; gain = 0.000
---------------------------------------------------------------------------------
---------------------------------------------------------------------------------
Start Technology Mapping
---------------------------------------------------------------------------------
---------------------------------------------------------------------------------
Finished Technology Mapping : Time (s): cpu = 00:00:28 ; elapsed = 00:00:29 . Memory (MB): peak = 1014.039 ; gain = 0.000
---------------------------------------------------------------------------------
---------------------------------------------------------------------------------
Start IO Insertion
---------------------------------------------------------------------------------
---------------------------------------------------------------------------------
Start Flattening Before IO Insertion
---------------------------------------------------------------------------------
---------------------------------------------------------------------------------
Finished Flattening Before IO Insertion
---------------------------------------------------------------------------------
---------------------------------------------------------------------------------
Start Final Netlist Cleanup
---------------------------------------------------------------------------------
---------------------------------------------------------------------------------
Finished Final Netlist Cleanup
---------------------------------------------------------------------------------
---------------------------------------------------------------------------------
Finished IO Insertion : Time (s): cpu = 00:00:33 ; elapsed = 00:00:34 . Memory (MB): peak = 1014.039 ; gain = 0.000
---------------------------------------------------------------------------------
---------------------------------------------------------------------------------
Start Renaming Generated Instances
---------------------------------------------------------------------------------
---------------------------------------------------------------------------------
Finished Renaming Generated Instances : Time (s): cpu = 00:00:33 ; elapsed = 00:00:34 . Memory (MB): peak = 1014.039 ; gain = 0.000
---------------------------------------------------------------------------------
---------------------------------------------------------------------------------
Start Rebuilding User Hierarchy
---------------------------------------------------------------------------------
---------------------------------------------------------------------------------
Finished Rebuilding User Hierarchy : Time (s): cpu = 00:00:33 ; elapsed = 00:00:34 . Memory (MB): peak = 1014.039 ; gain = 0.000
---------------------------------------------------------------------------------
---------------------------------------------------------------------------------
Start Renaming Generated Ports
---------------------------------------------------------------------------------
---------------------------------------------------------------------------------
Finished Renaming Generated Ports : Time (s): cpu = 00:00:33 ; elapsed = 00:00:34 . Memory (MB): peak = 1014.039 ; gain = 0.000
---------------------------------------------------------------------------------
---------------------------------------------------------------------------------
Start Handling Custom Attributes
---------------------------------------------------------------------------------
---------------------------------------------------------------------------------
Finished Handling Custom Attributes : Time (s): cpu = 00:00:33 ; elapsed = 00:00:34 . Memory (MB): peak = 1014.039 ; gain = 0.000
---------------------------------------------------------------------------------
---------------------------------------------------------------------------------
Start Renaming Generated Nets
---------------------------------------------------------------------------------
---------------------------------------------------------------------------------
Finished Renaming Generated Nets : Time (s): cpu = 00:00:33 ; elapsed = 00:00:34 . Memory (MB): peak = 1014.039 ; gain = 0.000
---------------------------------------------------------------------------------
---------------------------------------------------------------------------------
Start Writing Synthesis Report
---------------------------------------------------------------------------------

Report BlackBoxes: 
+-+--------------+----------+
| |BlackBox name |Instances |
+-+--------------+----------+
+-+--------------+----------+

Report Cell Usage: 
+------+-------+------+
|      |Cell   |Count |
+------+-------+------+
|1     |BUFG   |     1|
|2     |CARRY4 |    11|
|3     |LUT1   |    15|
|4     |LUT3   |     1|
|5     |LUT4   |    22|
|6     |LUT5   |     4|
|7     |LUT6   |    33|
|8     |FDCE   |    17|
|9     |FDRE   |    43|
|10    |IBUF   |    18|
|11    |OBUF   |    16|
+------+-------+------+
---------------------------------------------------------------------------------
Finished Writing Synthesis Report : Time (s): cpu = 00:00:33 ; elapsed = 00:00:34 . Memory (MB): peak = 1014.039 ; gain = 0.000
---------------------------------------------------------------------------------
Synthesis finished with 0 errors, 0 critical warnings and 0 warnings.
Synthesis Optimization Runtime : Time (s): cpu = 00:00:23 ; elapsed = 00:00:32 . Memory (MB): peak = 1014.039 ; gain = 0.000
Synthesis Optimization Complete : Time (s): cpu = 00:00:33 ; elapsed = 00:00:34 . Memory (MB): peak = 1014.039 ; gain = 0.000
INFO: [Project 1-571] Translating synthesized netlist
Netlist sorting complete. Time (s): cpu = 00:00:00 ; elapsed = 00:00:00.002 . Memory (MB): peak = 1014.039 ; gain = 0.000
INFO: [Netlist 29-17] Analyzing 11 Unisim elements for replacement
INFO: [Netlist 29-28] Unisim Transformation completed in 0 CPU seconds
INFO: [Project 1-570] Preparing netlist for logic optimization
INFO: [Opt 31-138] Pushed 0 inverter(s) to 0 load pin(s).
Netlist sorting complete. Time (s): cpu = 00:00:00 ; elapsed = 00:00:00 . Memory (MB): peak = 1014.039 ; gain = 0.000
INFO: [Project 1-111] Unisim Transformation Summary:
No Unisim elements were transformed.

INFO: [Common 17-83] Releasing license: Synthesis
28 Infos, 0 Warnings, 0 Critical Warnings and 0 Errors encountered.
synth_design completed successfully
synth_design: Time (s): cpu = 00:00:40 ; elapsed = 00:00:43 . Memory (MB): peak = 1014.039 ; gain = 0.000
INFO: [Common 17-1381] The checkpoint 'C:/Users/Zubi/Desktop/Comp-Arch-F26/lab-05/lab-05.runs/synth_1/skeleton_top_fsm.dcp' has been generated.
INFO: [runtcl-4] Executing : report_utilization -file skeleton_top_fsm_utilization_synth.rpt -pb skeleton_top_fsm_utilization_synth.pb
INFO: [Common 17-206] Exiting Vivado at Thu Sep 24 11:14:38 2026...
